Archive member included to satisfy reference by file (symbol)

/Applications/Ac6/SystemWorkbench.app/Contents/Eclipse/plugins/fr.ac6.mcu.externaltools.arm-none.macos64_1.17.0.201812190825/tools/compiler/bin/../lib/gcc/arm-none-eabi/7.3.1/../../../../arm-none-eabi/lib/thumb/v7e-m/libc_nano.a(lib_a-errno.o)
                              Src/syscalls.o (__errno)
/Applications/Ac6/SystemWorkbench.app/Contents/Eclipse/plugins/fr.ac6.mcu.externaltools.arm-none.macos64_1.17.0.201812190825/tools/compiler/bin/../lib/gcc/arm-none-eabi/7.3.1/../../../../arm-none-eabi/lib/thumb/v7e-m/libc_nano.a(lib_a-exit.o)
                              /Applications/Ac6/SystemWorkbench.app/Contents/Eclipse/plugins/fr.ac6.mcu.externaltools.arm-none.macos64_1.17.0.201812190825/tools/compiler/bin/../lib/gcc/arm-none-eabi/7.3.1/../../../../arm-none-eabi/lib/thumb/v7e-m/crt0.o (exit)
/Applications/Ac6/SystemWorkbench.app/Contents/Eclipse/plugins/fr.ac6.mcu.externaltools.arm-none.macos64_1.17.0.201812190825/tools/compiler/bin/../lib/gcc/arm-none-eabi/7.3.1/../../../../arm-none-eabi/lib/thumb/v7e-m/libc_nano.a(lib_a-impure.o)
                              /Applications/Ac6/SystemWorkbench.app/Contents/Eclipse/plugins/fr.ac6.mcu.externaltools.arm-none.macos64_1.17.0.201812190825/tools/compiler/bin/../lib/gcc/arm-none-eabi/7.3.1/../../../../arm-none-eabi/lib/thumb/v7e-m/libc_nano.a(lib_a-exit.o) (_global_impure_ptr)
/Applications/Ac6/SystemWorkbench.app/Contents/Eclipse/plugins/fr.ac6.mcu.externaltools.arm-none.macos64_1.17.0.201812190825/tools/compiler/bin/../lib/gcc/arm-none-eabi/7.3.1/../../../../arm-none-eabi/lib/thumb/v7e-m/libc_nano.a(lib_a-init.o)
                              /Applications/Ac6/SystemWorkbench.app/Contents/Eclipse/plugins/fr.ac6.mcu.externaltools.arm-none.macos64_1.17.0.201812190825/tools/compiler/bin/../lib/gcc/arm-none-eabi/7.3.1/../../../../arm-none-eabi/lib/thumb/v7e-m/crt0.o (__libc_init_array)
/Applications/Ac6/SystemWorkbench.app/Contents/Eclipse/plugins/fr.ac6.mcu.externaltools.arm-none.macos64_1.17.0.201812190825/tools/compiler/bin/../lib/gcc/arm-none-eabi/7.3.1/../../../../arm-none-eabi/lib/thumb/v7e-m/libc_nano.a(lib_a-memset.o)
                              /Applications/Ac6/SystemWorkbench.app/Contents/Eclipse/plugins/fr.ac6.mcu.externaltools.arm-none.macos64_1.17.0.201812190825/tools/compiler/bin/../lib/gcc/arm-none-eabi/7.3.1/../../../../arm-none-eabi/lib/thumb/v7e-m/crt0.o (memset)

Allocating common symbols
Common symbol       size              file

hopamp2             0x3c              Src/opamp.o
htim4               0x4c              Src/tim.o
uwTick              0x4               Drivers/STM32G4xx_HAL_Driver/Src/stm32g4xx_hal.o
hopamp3             0x3c              Src/opamp.o
hopamp1             0x3c              Src/opamp.o
hadc1               0x6c              Src/adc.o
htim6               0x4c              Src/tim.o
htim1               0x4c              Src/tim.o
htim7               0x4c              Src/tim.o

Discarded input sections

 .text          0x0000000000000000        0x0 /Applications/Ac6/SystemWorkbench.app/Contents/Eclipse/plugins/fr.ac6.mcu.externaltools.arm-none.macos64_1.17.0.201812190825/tools/compiler/bin/../lib/gcc/arm-none-eabi/7.3.1/thumb/v7e-m/crti.o
 .data          0x0000000000000000        0x0 /Applications/Ac6/SystemWorkbench.app/Contents/Eclipse/plugins/fr.ac6.mcu.externaltools.arm-none.macos64_1.17.0.201812190825/tools/compiler/bin/../lib/gcc/arm-none-eabi/7.3.1/thumb/v7e-m/crti.o
 .bss           0x0000000000000000        0x0 /Applications/Ac6/SystemWorkbench.app/Contents/Eclipse/plugins/fr.ac6.mcu.externaltools.arm-none.macos64_1.17.0.201812190825/tools/compiler/bin/../lib/gcc/arm-none-eabi/7.3.1/thumb/v7e-m/crti.o
 .data          0x0000000000000000        0x4 /Applications/Ac6/SystemWorkbench.app/Contents/Eclipse/plugins/fr.ac6.mcu.externaltools.arm-none.macos64_1.17.0.201812190825/tools/compiler/bin/../lib/gcc/arm-none-eabi/7.3.1/thumb/v7e-m/crtbegin.o
 .text          0x0000000000000000       0x74 /Applications/Ac6/SystemWorkbench.app/Contents/Eclipse/plugins/fr.ac6.mcu.externaltools.arm-none.macos64_1.17.0.201812190825/tools/compiler/bin/../lib/gcc/arm-none-eabi/7.3.1/../../../../arm-none-eabi/lib/thumb/v7e-m/crt0.o
 .data          0x0000000000000000        0x0 /Applications/Ac6/SystemWorkbench.app/Contents/Eclipse/plugins/fr.ac6.mcu.externaltools.arm-none.macos64_1.17.0.201812190825/tools/compiler/bin/../lib/gcc/arm-none-eabi/7.3.1/../../../../arm-none-eabi/lib/thumb/v7e-m/crt0.o
 .bss           0x0000000000000000        0x0 /Applications/Ac6/SystemWorkbench.app/Contents/Eclipse/plugins/fr.ac6.mcu.externaltools.arm-none.macos64_1.17.0.201812190825/tools/compiler/bin/../lib/gcc/arm-none-eabi/7.3.1/../../../../arm-none-eabi/lib/thumb/v7e-m/crt0.o
[...]
Memory Configuration

Name             Origin             Length             Attributes
RAM              0x0000000020000000 0x0000000000008000 xrw
FLASH            0x0000000008000000 0x0000000000020000 xr
*default*        0x0000000000000000 0xffffffffffffffff

Linker script and memory map

LOAD /Applications/Ac6/SystemWorkbench.app/Contents/Eclipse/plugins/fr.ac6.mcu.externaltools.arm-none.macos64_1.17.0.201812190825/tools/compiler/bin/../lib/gcc/arm-none-eabi/7.3.1/thumb/v7e-m/crti.o
LOAD /Applications/Ac6/SystemWorkbench.app/Contents/Eclipse/plugins/fr.ac6.mcu.externaltools.arm-none.macos64_1.17.0.201812190825/tools/compiler/bin/../lib/gcc/arm-none-eabi/7.3.1/thumb/v7e-m/crtbegin.o
LOAD /Applications/Ac6/SystemWorkbench.app/Contents/Eclipse/plugins/fr.ac6.mcu.externaltools.arm-none.macos64_1.17.0.201812190825/tools/compiler/bin/../lib/gcc/arm-none-eabi/7.3.1/../../../../arm-none-eabi/lib/thumb/v7e-m/crt0.o
LOAD Drivers/STM32G4xx_HAL_Driver/Src/stm32g4xx_hal.o
LOAD Drivers/STM32G4xx_HAL_Driver/Src/stm32g4xx_hal_adc.o
LOAD Drivers/STM32G4xx_HAL_Driver/Src/stm32g4xx_hal_adc_ex.o
LOAD Drivers/STM32G4xx_HAL_Driver/Src/stm32g4xx_hal_cortex.o
LOAD Drivers/STM32G4xx_HAL_Driver/Src/stm32g4xx_hal_dma.o
LOAD Drivers/STM32G4xx_HAL_Driver/Src/stm32g4xx_hal_dma_ex.o
LOAD Drivers/STM32G4xx_HAL_Driver/Src/stm32g4xx_hal_exti.o
LOAD Drivers/STM32G4xx_HAL_Driver/Src/stm32g4xx_hal_flash.o
LOAD Drivers/STM32G4xx_HAL_Driver/Src/stm32g4xx_hal_flash_ex.o
LOAD Drivers/STM32G4xx_HAL_Driver/Src/stm32g4xx_hal_flash_ramfunc.o
LOAD Drivers/STM32G4xx_HAL_Driver/Src/stm32g4xx_hal_gpio.o
LOAD Drivers/STM32G4xx_HAL_Driver/Src/stm32g4xx_hal_opamp.o
LOAD Drivers/STM32G4xx_HAL_Driver/Src/stm32g4xx_hal_opamp_ex.o
LOAD Drivers/STM32G4xx_HAL_Driver/Src/stm32g4xx_hal_pwr.o
LOAD Drivers/STM32G4xx_HAL_Driver/Src/stm32g4xx_hal_pwr_ex.o
LOAD Drivers/STM32G4xx_HAL_Driver/Src/stm32g4xx_hal_rcc.o
LOAD Drivers/STM32G4xx_HAL_Driver/Src/stm32g4xx_hal_rcc_ex.o
LOAD Drivers/STM32G4xx_HAL_Driver/Src/stm32g4xx_hal_tim.o
LOAD Drivers/STM32G4xx_HAL_Driver/Src/stm32g4xx_hal_tim_ex.o
LOAD Drivers/STM32G4xx_HAL_Driver/Src/stm32g4xx_ll_adc.o
LOAD Drivers/STM32G4xx_HAL_Driver/Src/stm32g4xx_ll_pwr.o
LOAD Src/adc.o
LOAD Src/enc.o
LOAD Src/gpio.o
LOAD Src/main.o
LOAD Src/math_util.o
LOAD Src/motor.o
LOAD Src/opamp.o
LOAD Src/stm32g4xx_hal_msp.o
LOAD Src/stm32g4xx_it.o
LOAD Src/syscalls.o
LOAD Src/system_stm32g4xx.o
LOAD Src/tim.o
LOAD startup/startup_stm32g431xx.o
LOAD /Applications/Ac6/SystemWorkbench.app/Contents/Eclipse/plugins/fr.ac6.mcu.externaltools.arm-none.macos64_1.17.0.201812190825/tools/compiler/bin/../lib/gcc/arm-none-eabi/7.3.1/../../../../arm-none-eabi/lib/thumb/v7e-m/libm.a
START GROUP
LOAD /Applications/Ac6/SystemWorkbench.app/Contents/Eclipse/plugins/fr.ac6.mcu.externaltools.arm-none.macos64_1.17.0.201812190825/tools/compiler/bin/../lib/gcc/arm-none-eabi/7.3.1/thumb/v7e-m/libgcc.a
LOAD /Applications/Ac6/SystemWorkbench.app/Contents/Eclipse/plugins/fr.ac6.mcu.externaltools.arm-none.macos64_1.17.0.201812190825/tools/compiler/bin/../lib/gcc/arm-none-eabi/7.3.1/../../../../arm-none-eabi/lib/thumb/v7e-m/libc_nano.a
END GROUP
START GROUP
LOAD /Applications/Ac6/SystemWorkbench.app/Contents/Eclipse/plugins/fr.ac6.mcu.externaltools.arm-none.macos64_1.17.0.201812190825/tools/compiler/bin/../lib/gcc/arm-none-eabi/7.3.1/thumb/v7e-m/libgcc.a
LOAD /Applications/Ac6/SystemWorkbench.app/Contents/Eclipse/plugins/fr.ac6.mcu.externaltools.arm-none.macos64_1.17.0.201812190825/tools/compiler/bin/../lib/gcc/arm-none-eabi/7.3.1/../../../../arm-none-eabi/lib/thumb/v7e-m/libc_nano.a
LOAD /Applications/Ac6/SystemWorkbench.app/Contents/Eclipse/plugins/fr.ac6.mcu.externaltools.arm-none.macos64_1.17.0.201812190825/tools/compiler/bin/../lib/gcc/arm-none-eabi/7.3.1/../../../../arm-none-eabi/lib/thumb/v7e-m/libnosys.a
END GROUP
START GROUP
LOAD /Applications/Ac6/SystemWorkbench.app/Contents/Eclipse/plugins/fr.ac6.mcu.externaltools.arm-none.macos64_1.17.0.201812190825/tools/compiler/bin/../lib/gcc/arm-none-eabi/7.3.1/thumb/v7e-m/libgcc.a
LOAD /Applications/Ac6/SystemWorkbench.app/Contents/Eclipse/plugins/fr.ac6.mcu.externaltools.arm-none.macos64_1.17.0.201812190825/tools/compiler/bin/../lib/gcc/arm-none-eabi/7.3.1/../../../../arm-none-eabi/lib/thumb/v7e-m/libc_nano.a
LOAD /Applications/Ac6/SystemWorkbench.app/Contents/Eclipse/plugins/fr.ac6.mcu.externaltools.arm-none.macos64_1.17.0.201812190825/tools/compiler/bin/../lib/gcc/arm-none-eabi/7.3.1/../../../../arm-none-eabi/lib/thumb/v7e-m/libnosys.a
END GROUP
LOAD /Applications/Ac6/SystemWorkbench.app/Contents/Eclipse/plugins/fr.ac6.mcu.externaltools.arm-none.macos64_1.17.0.201812190825/tools/compiler/bin/../lib/gcc/arm-none-eabi/7.3.1/thumb/v7e-m/crtend.o
LOAD /Applications/Ac6/SystemWorkbench.app/Contents/Eclipse/plugins/fr.ac6.mcu.externaltools.arm-none.macos64_1.17.0.201812190825/tools/compiler/bin/../lib/gcc/arm-none-eabi/7.3.1/thumb/v7e-m/crtn.o
                0x0000000020008000                _estack = 0x20008000
                0x0000000000000200                _Min_Heap_Size = 0x200
                0x0000000000000400                _Min_Stack_Size = 0x400

.isr_vector     0x0000000008000000      0x1d8
                0x0000000008000000                . = ALIGN (0x4)
 *(.isr_vector)
 .isr_vector    0x0000000008000000      0x1d8 startup/startup_stm32g431xx.o
                0x0000000008000000                g_pfnVectors
                0x00000000080001d8                . = ALIGN (0x4)

.text           0x00000000080001d8     0x31f8
                0x00000000080001d8                . = ALIGN (0x4)
 *(.text)
 .text          0x00000000080001d8       0x40 /Applications/Ac6/SystemWorkbench.app/Contents/Eclipse/plugins/fr.ac6.mcu.externaltools.arm-none.macos64_1.17.0.201812190825/tools/compiler/bin/../lib/gcc/arm-none-eabi/7.3.1/thumb/v7e-m/crtbegin.o
 *(.text*)
 .text.HAL_InitTick
                0x0000000008000218       0x4c Drivers/STM32G4xx_HAL_Driver/Src/stm32g4xx_hal.o
                0x0000000008000218                HAL_InitTick
 .text.HAL_Init
                0x0000000008000264       0x1e Drivers/STM32G4xx_HAL_Driver/Src/stm32g4xx_hal.o
                0x0000000008000264                HAL_Init
 *fill*         0x0000000008000282        0x2 
 .text.HAL_IncTick
                0x0000000008000284       0x18 Drivers/STM32G4xx_HAL_Driver/Src/stm32g4xx_hal.o
                0x0000000008000284                HAL_IncTick
 .text.HAL_GetTick
                0x000000000800029c        0xc Drivers/STM32G4xx_HAL_Driver/Src/stm32g4xx_hal.o
                0x000000000800029c                HAL_GetTick
 .text.HAL_ADC_Init
                0x00000000080002a8      0x254 Drivers/STM32G4xx_HAL_Driver/Src/stm32g4xx_hal_adc.o
                0x00000000080002a8                HAL_ADC_Init
 .text.HAL_ADC_ConfigChannel
                0x00000000080004fc      0x494 Drivers/STM32G4xx_HAL_Driver/Src/stm32g4xx_hal_adc.o
                0x00000000080004fc                HAL_ADC_ConfigChannel
 .text.ADC_Enable
                0x0000000008000990       0x90 Drivers/STM32G4xx_HAL_Driver/Src/stm32g4xx_hal_adc.o
                0x0000000008000990                ADC_Enable
 .text.HAL_ADC_Start
                0x0000000008000a20       0xf8 Drivers/STM32G4xx_HAL_Driver/Src/stm32g4xx_hal_adc.o
                0x0000000008000a20                HAL_ADC_Start
 .text.HAL_ADCEx_MultiModeConfigChannel
                0x0000000008000b18      0x120 Drivers/STM32G4xx_HAL_Driver/Src/stm32g4xx_hal_adc_ex.o
                0x0000000008000b18                HAL_ADCEx_MultiModeConfigChannel
 .text.HAL_NVIC_SetPriorityGrouping
                0x0000000008000c38       0x24 Drivers/STM32G4xx_HAL_Driver/Src/stm32g4xx_hal_cortex.o
                0x0000000008000c38                HAL_NVIC_SetPriorityGrouping
 .text.HAL_NVIC_SetPriority
                0x0000000008000c5c       0x68 Drivers/STM32G4xx_HAL_Driver/Src/stm32g4xx_hal_cortex.o
                0x0000000008000c5c                HAL_NVIC_SetPriority
 .text.HAL_NVIC_EnableIRQ
                0x0000000008000cc4       0x1c Drivers/STM32G4xx_HAL_Driver/Src/stm32g4xx_hal_cortex.o
                0x0000000008000cc4                HAL_NVIC_EnableIRQ
 .text.HAL_SYSTICK_Config
                0x0000000008000ce0       0x2c Drivers/STM32G4xx_HAL_Driver/Src/stm32g4xx_hal_cortex.o
                0x0000000008000ce0                HAL_SYSTICK_Config
 .text.HAL_GPIO_Init
                0x0000000008000d0c      0x1a0 Drivers/STM32G4xx_HAL_Driver/Src/stm32g4xx_hal_gpio.o
                0x0000000008000d0c                HAL_GPIO_Init
 .text.HAL_GPIO_ReadPin
                0x0000000008000eac        0xe Drivers/STM32G4xx_HAL_Driver/Src/stm32g4xx_hal_gpio.o
                0x0000000008000eac                HAL_GPIO_ReadPin
 .text.HAL_GPIO_WritePin
                0x0000000008000eba        0xa Drivers/STM32G4xx_HAL_Driver/Src/stm32g4xx_hal_gpio.o
                0x0000000008000eba                HAL_GPIO_WritePin
 .text.HAL_GPIO_EXTI_IRQHandler
                0x0000000008000ec4       0x1c Drivers/STM32G4xx_HAL_Driver/Src/stm32g4xx_hal_gpio.o
                0x0000000008000ec4                HAL_GPIO_EXTI_IRQHandler
 .text.HAL_OPAMP_Init
                0x0000000008000ee0      0x12c Drivers/STM32G4xx_HAL_Driver/Src/stm32g4xx_hal_opamp.o
                0x0000000008000ee0                HAL_OPAMP_Init
 .text.HAL_PWREx_ControlVoltageScaling
                0x000000000800100c      0x10c Drivers/STM32G4xx_HAL_Driver/Src/stm32g4xx_hal_pwr_ex.o
                0x000000000800100c                HAL_PWREx_ControlVoltageScaling
 .text.RCC_GetSysClockFreqFromPLLSource
                0x0000000008001118       0x58 Drivers/STM32G4xx_HAL_Driver/Src/stm32g4xx_hal_rcc.o
 .text.HAL_RCC_OscConfig
                0x0000000008001170      0x4e8 Drivers/STM32G4xx_HAL_Driver/Src/stm32g4xx_hal_rcc.o
                0x0000000008001170                HAL_RCC_OscConfig
 .text.HAL_RCC_GetSysClockFreq
                0x0000000008001658       0x88 Drivers/STM32G4xx_HAL_Driver/Src/stm32g4xx_hal_rcc.o
                0x0000000008001658                HAL_RCC_GetSysClockFreq
 .text.HAL_RCC_ClockConfig
                0x00000000080016e0      0x1fc Drivers/STM32G4xx_HAL_Driver/Src/stm32g4xx_hal_rcc.o
                0x00000000080016e0                HAL_RCC_ClockConfig
 .text.HAL_RCCEx_PeriphCLKConfig
                0x00000000080018dc      0x2e4 Drivers/STM32G4xx_HAL_Driver/Src/stm32g4xx_hal_rcc_ex.o
                0x00000000080018dc                HAL_RCCEx_PeriphCLKConfig
 .text.TIM_OC1_SetConfig
                0x0000000008001bc0       0x9c Drivers/STM32G4xx_HAL_Driver/Src/stm32g4xx_hal_tim.o
 .text.TIM_OC3_SetConfig
                0x0000000008001c5c       0x8c Drivers/STM32G4xx_HAL_Driver/Src/stm32g4xx_hal_tim.o
 .text.TIM_OC4_SetConfig
                0x0000000008001ce8       0x8c Drivers/STM32G4xx_HAL_Driver/Src/stm32g4xx_hal_tim.o
 .text.TIM_OC5_SetConfig
                0x0000000008001d74       0x68 Drivers/STM32G4xx_HAL_Driver/Src/stm32g4xx_hal_tim.o
 .text.TIM_OC6_SetConfig
                0x0000000008001ddc       0x6c Drivers/STM32G4xx_HAL_Driver/Src/stm32g4xx_hal_tim.o
 .text.TIM_TI1_ConfigInputStage
                0x0000000008001e48       0x24 Drivers/STM32G4xx_HAL_Driver/Src/stm32g4xx_hal_tim.o
 .text.TIM_TI2_ConfigInputStage
                0x0000000008001e6c       0x26 Drivers/STM32G4xx_HAL_Driver/Src/stm32g4xx_hal_tim.o
 .text.TIM_ITRx_SetConfig
                0x0000000008001e92       0x14 Drivers/STM32G4xx_HAL_Driver/Src/stm32g4xx_hal_tim.o
 *fill*         0x0000000008001ea6        0x2 
 .text.HAL_TIM_Base_Start
                0x0000000008001ea8       0x40 Drivers/STM32G4xx_HAL_Driver/Src/stm32g4xx_hal_tim.o
                0x0000000008001ea8                HAL_TIM_Base_Start
 .text.HAL_TIM_Base_Start_IT
                0x0000000008001ee8       0x48 Drivers/STM32G4xx_HAL_Driver/Src/stm32g4xx_hal_tim.o
                0x0000000008001ee8                HAL_TIM_Base_Start_IT
 .text.HAL_TIM_PWM_MspInit
                0x0000000008001f30        0x2 Drivers/STM32G4xx_HAL_Driver/Src/stm32g4xx_hal_tim.o
                0x0000000008001f30                HAL_TIM_PWM_MspInit
 .text.HAL_TIM_OC_DelayElapsedCallback
                0x0000000008001f32        0x2 Drivers/STM32G4xx_HAL_Driver/Src/stm32g4xx_hal_tim.o
                0x0000000008001f32                HAL_TIM_OC_DelayElapsedCallback
 .text.HAL_TIM_IC_CaptureCallback
                0x0000000008001f34        0x2 Drivers/STM32G4xx_HAL_Driver/Src/stm32g4xx_hal_tim.o
                0x0000000008001f34                HAL_TIM_IC_CaptureCallback
 .text.HAL_TIM_PWM_PulseFinishedCallback
                0x0000000008001f36        0x2 Drivers/STM32G4xx_HAL_Driver/Src/stm32g4xx_hal_tim.o
                0x0000000008001f36                HAL_TIM_PWM_PulseFinishedCallback
 .text.HAL_TIM_TriggerCallback
                0x0000000008001f38        0x2 Drivers/STM32G4xx_HAL_Driver/Src/stm32g4xx_hal_tim.o
                0x0000000008001f38                HAL_TIM_TriggerCallback
 .text.HAL_TIM_IRQHandler
                0x0000000008001f3a      0x21e Drivers/STM32G4xx_HAL_Driver/Src/stm32g4xx_hal_tim.o
                0x0000000008001f3a                HAL_TIM_IRQHandler
 .text.TIM_Base_SetConfig
                0x0000000008002158       0xb8 Drivers/STM32G4xx_HAL_Driver/Src/stm32g4xx_hal_tim.o
                0x0000000008002158                TIM_Base_SetConfig
 .text.HAL_TIM_Base_Init
                0x0000000008002210       0x5e Drivers/STM32G4xx_HAL_Driver/Src/stm32g4xx_hal_tim.o
                0x0000000008002210                HAL_TIM_Base_Init
 .text.HAL_TIM_PWM_Init
                0x000000000800226e       0x5e Drivers/STM32G4xx_HAL_Driver/Src/stm32g4xx_hal_tim.o
                0x000000000800226e                HAL_TIM_PWM_Init
 .text.HAL_TIM_Encoder_Init
                0x00000000080022cc       0xb0 Drivers/STM32G4xx_HAL_Driver/Src/stm32g4xx_hal_tim.o
                0x00000000080022cc                HAL_TIM_Encoder_Init
 .text.TIM_OC2_SetConfig
                0x000000000800237c       0x8c Drivers/STM32G4xx_HAL_Driver/Src/stm32g4xx_hal_tim.o
                0x000000000800237c                TIM_OC2_SetConfig
 .text.HAL_TIM_PWM_ConfigChannel
                0x0000000008002408      0x128 Drivers/STM32G4xx_HAL_Driver/Src/stm32g4xx_hal_tim.o
                0x0000000008002408                HAL_TIM_PWM_ConfigChannel
 .text.TIM_ETR_SetConfig
                0x0000000008002530       0x16 Drivers/STM32G4xx_HAL_Driver/Src/stm32g4xx_hal_tim.o
                0x0000000008002530                TIM_ETR_SetConfig
 *fill*         0x0000000008002546        0x2 
 .text.HAL_TIM_ConfigClockSource
                0x0000000008002548      0x108 Drivers/STM32G4xx_HAL_Driver/Src/stm32g4xx_hal_tim.o
                0x0000000008002548                HAL_TIM_ConfigClockSource
 .text.HAL_TIMEx_MasterConfigSynchronization
                0x0000000008002650       0x94 Drivers/STM32G4xx_HAL_Driver/Src/stm32g4xx_hal_tim_ex.o
                0x0000000008002650                HAL_TIMEx_MasterConfigSynchronization
 .text.HAL_TIMEx_ConfigBreakDeadTime
                0x00000000080026e4       0xbc Drivers/STM32G4xx_HAL_Driver/Src/stm32g4xx_hal_tim_ex.o
                0x00000000080026e4                HAL_TIMEx_ConfigBreakDeadTime
 .text.HAL_TIMEx_CommutCallback
                0x00000000080027a0        0x2 Drivers/STM32G4xx_HAL_Driver/Src/stm32g4xx_hal_tim_ex.o
                0x00000000080027a0                HAL_TIMEx_CommutCallback
 .text.HAL_TIMEx_BreakCallback
                0x00000000080027a2        0x2 Drivers/STM32G4xx_HAL_Driver/Src/stm32g4xx_hal_tim_ex.o
                0x00000000080027a2                HAL_TIMEx_BreakCallback
 .text.HAL_TIMEx_Break2Callback
                0x00000000080027a4        0x2 Drivers/STM32G4xx_HAL_Driver/Src/stm32g4xx_hal_tim_ex.o
                0x00000000080027a4                HAL_TIMEx_Break2Callback
 .text.HAL_TIMEx_EncoderIndexCallback
                0x00000000080027a6        0x2 Drivers/STM32G4xx_HAL_Driver/Src/stm32g4xx_hal_tim_ex.o
                0x00000000080027a6                HAL_TIMEx_EncoderIndexCallback
 .text.HAL_TIMEx_DirectionChangeCallback
                0x00000000080027a8        0x2 Drivers/STM32G4xx_HAL_Driver/Src/stm32g4xx_hal_tim_ex.o
                0x00000000080027a8                HAL_TIMEx_DirectionChangeCallback
 .text.HAL_TIMEx_IndexErrorCallback
                0x00000000080027aa        0x2 Drivers/STM32G4xx_HAL_Driver/Src/stm32g4xx_hal_tim_ex.o
                0x00000000080027aa                HAL_TIMEx_IndexErrorCallback
 .text.HAL_TIMEx_TransitionErrorCallback
                0x00000000080027ac        0x2 Drivers/STM32G4xx_HAL_Driver/Src/stm32g4xx_hal_tim_ex.o
                0x00000000080027ac                HAL_TIMEx_TransitionErrorCallback
 *fill*         0x00000000080027ae        0x2 
 .text.MX_ADC1_Init
                0x00000000080027b0       0xa0 Src/adc.o
                0x00000000080027b0                MX_ADC1_Init
 .text.HAL_ADC_MspInit
                0x0000000008002850       0x88 Src/adc.o
                0x0000000008002850                HAL_ADC_MspInit
 .text.enc      0x00000000080028d8       0x34 Src/enc.o
                0x00000000080028d8                enc
 .text.MX_GPIO_Init
                0x000000000800290c      0x13c Src/gpio.o
                0x000000000800290c                MX_GPIO_Init
 .text.SystemClock_Config
                0x0000000008002a48       0x7c Src/main.o
                0x0000000008002a48                SystemClock_Config
 .text.main     0x0000000008002ac4       0x70 Src/main.o
                0x0000000008002ac4                main
 .text.Error_Handler
                0x0000000008002b34        0x2 Src/main.o
                0x0000000008002b34                Error_Handler
 *fill*         0x0000000008002b36        0x2 
 .text.motor_tick
                0x0000000008002b38      0x138 Src/motor.o
                0x0000000008002b38                motor_tick
 .text.MX_OPAMP1_Init
                0x0000000008002c70       0x30 Src/opamp.o
                0x0000000008002c70                MX_OPAMP1_Init
 .text.MX_OPAMP2_Init
                0x0000000008002ca0       0x30 Src/opamp.o
                0x0000000008002ca0                MX_OPAMP2_Init
 .text.MX_OPAMP3_Init
                0x0000000008002cd0       0x30 Src/opamp.o
                0x0000000008002cd0                MX_OPAMP3_Init
 .text.HAL_OPAMP_MspInit
                0x0000000008002d00       0xb8 Src/opamp.o
                0x0000000008002d00                HAL_OPAMP_MspInit
 .text.HAL_MspInit
                0x0000000008002db8       0x40 Src/stm32g4xx_hal_msp.o
                0x0000000008002db8                HAL_MspInit
 .text.NMI_Handler
                0x0000000008002df8        0x2 Src/stm32g4xx_it.o
                0x0000000008002df8                NMI_Handler
 .text.HardFault_Handler
                0x0000000008002dfa        0x2 Src/stm32g4xx_it.o
                0x0000000008002dfa                HardFault_Handler
 .text.MemManage_Handler
                0x0000000008002dfc        0x2 Src/stm32g4xx_it.o
                0x0000000008002dfc                MemManage_Handler
 .text.BusFault_Handler
                0x0000000008002dfe        0x2 Src/stm32g4xx_it.o
                0x0000000008002dfe                BusFault_Handler
 .text.UsageFault_Handler
                0x0000000008002e00        0x2 Src/stm32g4xx_it.o
                0x0000000008002e00                UsageFault_Handler
 .text.SVC_Handler
                0x0000000008002e02        0x2 Src/stm32g4xx_it.o
                0x0000000008002e02                SVC_Handler
 .text.DebugMon_Handler
                0x0000000008002e04        0x2 Src/stm32g4xx_it.o
                0x0000000008002e04                DebugMon_Handler
 .text.PendSV_Handler
                0x0000000008002e06        0x2 Src/stm32g4xx_it.o
                0x0000000008002e06                PendSV_Handler
 .text.SysTick_Handler
                0x0000000008002e08        0x8 Src/stm32g4xx_it.o
                0x0000000008002e08                SysTick_Handler
 .text.EXTI15_10_IRQHandler
                0x0000000008002e10        0xc Src/stm32g4xx_it.o
                0x0000000008002e10                EXTI15_10_IRQHandler
 .text.TIM6_DAC_IRQHandler
                0x0000000008002e1c       0x10 Src/stm32g4xx_it.o
                0x0000000008002e1c                TIM6_DAC_IRQHandler
 .text.HAL_TIM_PeriodElapsedCallback
                0x0000000008002e2c       0x44 Src/stm32g4xx_it.o
                0x0000000008002e2c                HAL_TIM_PeriodElapsedCallback
 .text.HAL_GPIO_EXTI_Callback
                0x0000000008002e70       0xc4 Src/stm32g4xx_it.o
                0x0000000008002e70                HAL_GPIO_EXTI_Callback
 .text.SystemInit
                0x0000000008002f34       0x10 Src/system_stm32g4xx.o
                0x0000000008002f34                SystemInit
 .text.MX_TIM4_Init
                0x0000000008002f44       0x68 Src/tim.o
                0x0000000008002f44                MX_TIM4_Init
 .text.MX_TIM6_Init
                0x0000000008002fac       0x50 Src/tim.o
                0x0000000008002fac                MX_TIM6_Init
 .text.MX_TIM7_Init
                0x0000000008002ffc       0x50 Src/tim.o
                0x0000000008002ffc                MX_TIM7_Init
 .text.HAL_TIM_Base_MspInit
                0x000000000800304c       0x80 Src/tim.o
                0x000000000800304c                HAL_TIM_Base_MspInit
 .text.HAL_TIM_Encoder_MspInit
                0x00000000080030cc       0x64 Src/tim.o
                0x00000000080030cc                HAL_TIM_Encoder_MspInit
 .text.HAL_TIM_MspPostInit
                0x0000000008003130       0xac Src/tim.o
                0x0000000008003130                HAL_TIM_MspPostInit
 .text.MX_TIM1_Init
                0x00000000080031dc      0x130 Src/tim.o
                0x00000000080031dc                MX_TIM1_Init
 .text.Reset_Handler
                0x000000000800330c       0x50 startup/startup_stm32g431xx.o
                0x000000000800330c                Reset_Handler
 .text.Default_Handler
                0x000000000800335c        0x2 startup/startup_stm32g431xx.o
                0x000000000800335c                TIM1_BRK_TIM15_IRQHandler
                0x000000000800335c                EXTI2_IRQHandler
                0x000000000800335c                TIM8_TRG_COM_IRQHandler
                0x000000000800335c                TIM8_CC_IRQHandler
                0x000000000800335c                TIM1_CC_IRQHandler
                0x000000000800335c                USB_HP_IRQHandler
                0x000000000800335c                CORDIC_IRQHandler
                0x000000000800335c                EXTI3_IRQHandler
                0x000000000800335c                I2C3_ER_IRQHandler
                0x000000000800335c                EXTI0_IRQHandler
                0x000000000800335c                I2C2_EV_IRQHandler
                0x000000000800335c                FPU_IRQHandler
                0x000000000800335c                FDCAN1_IT1_IRQHandler
                0x000000000800335c                TIM1_UP_TIM16_IRQHandler
                0x000000000800335c                ADC1_2_IRQHandler
                0x000000000800335c                SPI1_IRQHandler
                0x000000000800335c                TIM8_UP_IRQHandler
                0x000000000800335c                DMA2_Channel2_IRQHandler
                0x000000000800335c                DMA1_Channel4_IRQHandler
                0x000000000800335c                USART3_IRQHandler
                0x000000000800335c                TIM4_IRQHandler
                0x000000000800335c                DMA2_Channel1_IRQHandler
                0x000000000800335c                I2C1_EV_IRQHandler
                0x000000000800335c                DMA1_Channel6_IRQHandler
                0x000000000800335c                UART4_IRQHandler
                0x000000000800335c                DMA2_Channel4_IRQHandler
                0x000000000800335c                TIM3_IRQHandler
                0x000000000800335c                RCC_IRQHandler
                0x000000000800335c                DMA1_Channel1_IRQHandler
                0x000000000800335c                Default_Handler
                0x000000000800335c                RTC_TAMP_LSECSS_IRQHandler
                0x000000000800335c                FMAC_IRQHandler
                0x000000000800335c                TIM7_IRQHandler
                0x000000000800335c                UCPD1_IRQHandler
                0x000000000800335c                I2C3_EV_IRQHandler
                0x000000000800335c                EXTI9_5_IRQHandler
                0x000000000800335c                RTC_WKUP_IRQHandler
                0x000000000800335c                PVD_PVM_IRQHandler
                0x000000000800335c                SPI2_IRQHandler
                0x000000000800335c                DMA2_Channel5_IRQHandler
                0x000000000800335c                CRS_IRQHandler
                0x000000000800335c                DMA1_Channel5_IRQHandler
                0x000000000800335c                USB_LP_IRQHandler
                0x000000000800335c                EXTI4_IRQHandler
                0x000000000800335c                RNG_IRQHandler
                0x000000000800335c                TIM1_TRG_COM_TIM17_IRQHandler
                0x000000000800335c                DMA1_Channel3_IRQHandler
                0x000000000800335c                WWDG_IRQHandler
                0x000000000800335c                LPUART1_IRQHandler
                0x000000000800335c                DMA2_Channel6_IRQHandler
                0x000000000800335c                FDCAN1_IT0_IRQHandler
                0x000000000800335c                TIM2_IRQHandler
                0x000000000800335c                COMP1_2_3_IRQHandler
                0x000000000800335c                EXTI1_IRQHandler
                0x000000000800335c                USART2_IRQHandler
                0x000000000800335c                I2C2_ER_IRQHandler
                0x000000000800335c                DMA1_Channel2_IRQHandler
                0x000000000800335c                TIM8_BRK_IRQHandler
                0x000000000800335c                FLASH_IRQHandler
                0x000000000800335c                USART1_IRQHandler
                0x000000000800335c                SPI3_IRQHandler
                0x000000000800335c                I2C1_ER_IRQHandler
                0x000000000800335c                LPTIM1_IRQHandler
                0x000000000800335c                DMAMUX_OVR_IRQHandler
                0x000000000800335c                USBWakeUp_IRQHandler
                0x000000000800335c                SAI1_IRQHandler
                0x000000000800335c                DMA2_Channel3_IRQHandler
                0x000000000800335c                COMP4_IRQHandler
                0x000000000800335c                RTC_Alarm_IRQHandler
 *fill*         0x000000000800335e        0x2 
 .text.__libc_init_array
                0x0000000008003360       0x48 /Applications/Ac6/SystemWorkbench.app/Contents/Eclipse/plugins/fr.ac6.mcu.externaltools.arm-none.macos64_1.17.0.201812190825/tools/compiler/bin/../lib/gcc/arm-none-eabi/7.3.1/../../../../arm-none-eabi/lib/thumb/v7e-m/libc_nano.a(lib_a-init.o)
                0x0000000008003360                __libc_init_array
 .text.memset   0x00000000080033a8       0x10 /Applications/Ac6/SystemWorkbench.app/Contents/Eclipse/plugins/fr.ac6.mcu.externaltools.arm-none.macos64_1.17.0.201812190825/tools/compiler/bin/../lib/gcc/arm-none-eabi/7.3.1/../../../../arm-none-eabi/lib/thumb/v7e-m/libc_nano.a(lib_a-memset.o)
                0x00000000080033a8                memset
 *(.glue_7)
 .glue_7        0x00000000080033b8        0x0 linker stubs
 *(.glue_7t)
 .glue_7t       0x00000000080033b8        0x0 linker stubs
 *(.eh_frame)
 .eh_frame      0x00000000080033b8        0x0 /Applications/Ac6/SystemWorkbench.app/Contents/Eclipse/plugins/fr.ac6.mcu.externaltools.arm-none.macos64_1.17.0.201812190825/tools/compiler/bin/../lib/gcc/arm-none-eabi/7.3.1/thumb/v7e-m/crtbegin.o
 *(.init)
 .init          0x00000000080033b8        0x4 /Applications/Ac6/SystemWorkbench.app/Contents/Eclipse/plugins/fr.ac6.mcu.externaltools.arm-none.macos64_1.17.0.201812190825/tools/compiler/bin/../lib/gcc/arm-none-eabi/7.3.1/thumb/v7e-m/crti.o
                0x00000000080033b8                _init
 .init          0x00000000080033bc        0x8 /Applications/Ac6/SystemWorkbench.app/Contents/Eclipse/plugins/fr.ac6.mcu.externaltools.arm-none.macos64_1.17.0.201812190825/tools/compiler/bin/../lib/gcc/arm-none-eabi/7.3.1/thumb/v7e-m/crtn.o
 *(.fini)
 .fini          0x00000000080033c4        0x4 /Applications/Ac6/SystemWorkbench.app/Contents/Eclipse/plugins/fr.ac6.mcu.externaltools.arm-none.macos64_1.17.0.201812190825/tools/compiler/bin/../lib/gcc/arm-none-eabi/7.3.1/thumb/v7e-m/crti.o
                0x00000000080033c4                _fini
 .fini          0x00000000080033c8        0x8 /Applications/Ac6/SystemWorkbench.app/Contents/Eclipse/plugins/fr.ac6.mcu.externaltools.arm-none.macos64_1.17.0.201812190825/tools/compiler/bin/../lib/gcc/arm-none-eabi/7.3.1/thumb/v7e-m/crtn.o
                0x00000000080033d0                . = ALIGN (0x4)
                0x00000000080033d0                _etext = .

.vfp11_veneer   0x00000000080033d0        0x0
 .vfp11_veneer  0x00000000080033d0        0x0 linker stubs

.v4_bx          0x00000000080033d0        0x0
 .v4_bx         0x00000000080033d0        0x0 linker stubs

.iplt           0x00000000080033d0        0x0
 .iplt          0x00000000080033d0        0x0 /Applications/Ac6/SystemWorkbench.app/Contents/Eclipse/plugins/fr.ac6.mcu.externaltools.arm-none.macos64_1.17.0.201812190825/tools/compiler/bin/../lib/gcc/arm-none-eabi/7.3.1/thumb/v7e-m/crtbegin.o

.rodata         0x00000000080033d0       0x8c
                0x00000000080033d0                . = ALIGN (0x4)
 *(.rodata)
 .rodata        0x00000000080033d0       0x74 Src/motor.o
                0x00000000080033d0                hall2state
                0x00000000080033d8                mod6
                0x00000000080033e4                state_en
                0x00000000080033f0                state_ccr
                0x0000000008003438                ccrs
 .rodata        0x0000000008003444       0x18 Src/system_stm32g4xx.o
                0x0000000008003444                AHBPrescTable
                0x0000000008003454                APBPrescTable
 *(.rodata*)
                0x000000000800345c                . = ALIGN (0x4)

.rel.dyn        0x000000000800345c        0x0
 .rel.iplt      0x000000000800345c        0x0 /Applications/Ac6/SystemWorkbench.app/Contents/Eclipse/plugins/fr.ac6.mcu.externaltools.arm-none.macos64_1.17.0.201812190825/tools/compiler/bin/../lib/gcc/arm-none-eabi/7.3.1/thumb/v7e-m/crtbegin.o

.ARM.extab
 *(.ARM.extab* .gnu.linkonce.armextab.*)

.ARM            0x000000000800345c        0x0
                0x000000000800345c                __exidx_start = .
 *(.ARM.exidx*)
                0x000000000800345c                __exidx_end = .

.preinit_array  0x000000000800345c        0x0
                0x000000000800345c                PROVIDE (__preinit_array_start = .)
 *(.preinit_array*)
                0x000000000800345c                PROVIDE (__preinit_array_end = .)

.init_array     0x000000000800345c        0x4
                0x000000000800345c                PROVIDE (__init_array_start = .)
 *(SORT_BY_NAME(.init_array.*))
 *(.init_array*)
 .init_array    0x000000000800345c        0x4 /Applications/Ac6/SystemWorkbench.app/Contents/Eclipse/plugins/fr.ac6.mcu.externaltools.arm-none.macos64_1.17.0.201812190825/tools/compiler/bin/../lib/gcc/arm-none-eabi/7.3.1/thumb/v7e-m/crtbegin.o
                0x0000000008003460                PROVIDE (__init_array_end = .)

.fini_array     0x0000000008003460        0x4
                [!provide]                        PROVIDE (__fini_array_start = .)
 *(SORT_BY_NAME(.fini_array.*))
 *(.fini_array*)
 .fini_array    0x0000000008003460        0x4 /Applications/Ac6/SystemWorkbench.app/Contents/Eclipse/plugins/fr.ac6.mcu.externaltools.arm-none.macos64_1.17.0.201812190825/tools/compiler/bin/../lib/gcc/arm-none-eabi/7.3.1/thumb/v7e-m/crtbegin.o
                [!provide]                        PROVIDE (__fini_array_end = .)
                0x0000000008003464                _sidata = LOADADDR (.data)

.data           0x0000000020000000        0xc load address 0x0000000008003464
                0x0000000020000000                . = ALIGN (0x4)
                0x0000000020000000                _sdata = .
 *(.data)
 .data          0x0000000020000000        0x8 Drivers/STM32G4xx_HAL_Driver/Src/stm32g4xx_hal.o
                0x0000000020000000                uwTickFreq
                0x0000000020000004                uwTickPrio
 .data          0x0000000020000008        0x4 Src/system_stm32g4xx.o
                0x0000000020000008                SystemCoreClock
 *(.data*)
                0x000000002000000c                . = ALIGN (0x4)
                0x000000002000000c                _edata = .

.igot.plt       0x000000002000000c        0x0 load address 0x0000000008003470
 .igot.plt      0x000000002000000c        0x0 /Applications/Ac6/SystemWorkbench.app/Contents/Eclipse/plugins/fr.ac6.mcu.externaltools.arm-none.macos64_1.17.0.201812190825/tools/compiler/bin/../lib/gcc/arm-none-eabi/7.3.1/thumb/v7e-m/crtbegin.o
                0x000000002000000c                . = ALIGN (0x4)

.bss            0x000000002000000c      0x3b0 load address 0x0000000008003470
                0x000000002000000c                _sbss = .
                0x000000002000000c                __bss_start__ = _sbss
 *(.bss)
 .bss           0x000000002000000c       0x1c /Applications/Ac6/SystemWorkbench.app/Contents/Eclipse/plugins/fr.ac6.mcu.externaltools.arm-none.macos64_1.17.0.201812190825/tools/compiler/bin/../lib/gcc/arm-none-eabi/7.3.1/thumb/v7e-m/crtbegin.o
 .bss           0x0000000020000028        0x1 Src/main.o
                0x0000000020000028                abz
 *fill*         0x0000000020000029        0x3 
 .bss           0x000000002000002c       0xb2 Src/motor.o
                0x000000002000002c                ticks
                0x0000000020000030                pwmin
                0x0000000020000032                diff_buf_idx
                0x0000000020000034                diff_buf
                0x0000000020000054                diff_i
                0x0000000020000058                last_abz
                0x0000000020000059                abzs_idx
                0x000000002000005c                abzs
                0x00000000200000dc                e
 *fill*         0x00000000200000de        0x2 
 .bss           0x00000000200000e0       0x88 Src/stm32g4xx_it.o
                0x00000000200000e0                tick_blackout
                0x00000000200000e1                last_r
                0x00000000200000e2                tim_posedge
                0x00000000200000e4                pwmins_idx
                0x00000000200000e8                pwmins
 *(.bss*)
 *(COMMON)
 COMMON         0x0000000020000168        0x4 Drivers/STM32G4xx_HAL_Driver/Src/stm32g4xx_hal.o
                0x0000000020000168                uwTick
 COMMON         0x000000002000016c       0x6c Src/adc.o
                0x000000002000016c                hadc1
 COMMON         0x00000000200001d8       0xb4 Src/opamp.o
                0x00000000200001d8                hopamp2
                0x0000000020000214                hopamp3
                0x0000000020000250                hopamp1
 COMMON         0x000000002000028c      0x130 Src/tim.o
                0x000000002000028c                htim4
                0x00000000200002d8                htim6
                0x0000000020000324                htim1
                0x0000000020000370                htim7
                0x00000000200003bc                . = ALIGN (0x4)
                0x00000000200003bc                _ebss = .
                0x00000000200003bc                __bss_end__ = _ebss

._user_heap_stack
                0x00000000200003bc      0x604 load address 0x0000000008003470
                0x00000000200003c0                . = ALIGN (0x8)
 *fill*         0x00000000200003bc        0x4 
                0x00000000200003c0                PROVIDE (end = .)
                [!provide]                        PROVIDE (_end = .)
                0x00000000200005c0                . = (. + _Min_Heap_Size)
 *fill*         0x00000000200003c0      0x200 
                0x00000000200009c0                . = (. + _Min_Stack_Size)
 *fill*         0x00000000200005c0      0x400 
                0x00000000200009c0                . = ALIGN (0x8)

/DISCARD/
 libc.a(*)
 libm.a(*)
 libgcc.a(*)

.ARM.attributes
                0x0000000000000000       0x2a
 *(.ARM.attributes)
 .ARM.attributes
                0x0000000000000000       0x1e /Applications/Ac6/SystemWorkbench.app/Contents/Eclipse/plugins/fr.ac6.mcu.externaltools.arm-none.macos64_1.17.0.201812190825/tools/compiler/bin/../lib/gcc/arm-none-eabi/7.3.1/thumb/v7e-m/crti.o
 .ARM.attributes
                0x000000000000001e       0x2e /Applications/Ac6/SystemWorkbench.app/Contents/Eclipse/plugins/fr.ac6.mcu.externaltools.arm-none.macos64_1.17.0.201812190825/tools/compiler/bin/../lib/gcc/arm-none-eabi/7.3.1/thumb/v7e-m/crtbegin.o
 .ARM.attributes
                0x000000000000004c       0x33 Drivers/STM32G4xx_HAL_Driver/Src/stm32g4xx_hal.o
 .ARM.attributes
                0x000000000000007f       0x33 Drivers/STM32G4xx_HAL_Driver/Src/stm32g4xx_hal_adc.o
 .ARM.attributes
                0x00000000000000b2       0x33 Drivers/STM32G4xx_HAL_Driver/Src/stm32g4xx_hal_adc_ex.o
 .ARM.attributes
                0x00000000000000e5       0x33 Drivers/STM32G4xx_HAL_Driver/Src/stm32g4xx_hal_cortex.o
 .ARM.attributes
                0x0000000000000118       0x33 Drivers/STM32G4xx_HAL_Driver/Src/stm32g4xx_hal_gpio.o
 .ARM.attributes
                0x000000000000014b       0x33 Drivers/STM32G4xx_HAL_Driver/Src/stm32g4xx_hal_opamp.o
 .ARM.attributes
                0x000000000000017e       0x33 Drivers/STM32G4xx_HAL_Driver/Src/stm32g4xx_hal_pwr_ex.o
 .ARM.attributes
                0x00000000000001b1       0x33 Drivers/STM32G4xx_HAL_Driver/Src/stm32g4xx_hal_rcc.o
 .ARM.attributes
                0x00000000000001e4       0x33 Drivers/STM32G4xx_HAL_Driver/Src/stm32g4xx_hal_rcc_ex.o
 .ARM.attributes
                0x0000000000000217       0x33 Drivers/STM32G4xx_HAL_Driver/Src/stm32g4xx_hal_tim.o
 .ARM.attributes
                0x000000000000024a       0x33 Drivers/STM32G4xx_HAL_Driver/Src/stm32g4xx_hal_tim_ex.o
 .ARM.attributes
                0x000000000000027d       0x33 Src/adc.o
 .ARM.attributes
                0x00000000000002b0       0x33 Src/enc.o
 .ARM.attributes
                0x00000000000002e3       0x33 Src/gpio.o
 .ARM.attributes
                0x0000000000000316       0x33 Src/main.o
 .ARM.attributes
                0x0000000000000349       0x33 Src/motor.o
 .ARM.attributes
                0x000000000000037c       0x33 Src/opamp.o
 .ARM.attributes
                0x00000000000003af       0x33 Src/stm32g4xx_hal_msp.o
 .ARM.attributes
                0x00000000000003e2       0x33 Src/stm32g4xx_it.o
 .ARM.attributes
                0x0000000000000415       0x33 Src/system_stm32g4xx.o
 .ARM.attributes
                0x0000000000000448       0x33 Src/tim.o
 .ARM.attributes
                0x000000000000047b       0x21 startup/startup_stm32g431xx.o
 .ARM.attributes
                0x000000000000049c       0x2e /Applications/Ac6/SystemWorkbench.app/Contents/Eclipse/plugins/fr.ac6.mcu.externaltools.arm-none.macos64_1.17.0.201812190825/tools/compiler/bin/../lib/gcc/arm-none-eabi/7.3.1/../../../../arm-none-eabi/lib/thumb/v7e-m/libc_nano.a(lib_a-init.o)
 .ARM.attributes
                0x00000000000004ca       0x2e /Applications/Ac6/SystemWorkbench.app/Contents/Eclipse/plugins/fr.ac6.mcu.externaltools.arm-none.macos64_1.17.0.201812190825/tools/compiler/bin/../lib/gcc/arm-none-eabi/7.3.1/../../../../arm-none-eabi/lib/thumb/v7e-m/libc_nano.a(lib_a-memset.o)
 .ARM.attributes
                0x00000000000004f8       0x1e /Applications/Ac6/SystemWorkbench.app/Contents/Eclipse/plugins/fr.ac6.mcu.externaltools.arm-none.macos64_1.17.0.201812190825/tools/compiler/bin/../lib/gcc/arm-none-eabi/7.3.1/thumb/v7e-m/crtn.o
OUTPUT(g431_test.elf elf32-littlearm)

.debug_info     0x0000000000000000    0x1acf7
 .debug_info    0x0000000000000000      0xc6e Drivers/STM32G4xx_HAL_Driver/Src/stm32g4xx_hal.o
 .debug_info    0x0000000000000c6e     0x2e38 Drivers/STM32G4xx_HAL_Driver/Src/stm32g4xx_hal_adc.o
 .debug_info    0x0000000000003aa6     0x27f1 Drivers/STM32G4xx_HAL_Driver/Src/stm32g4xx_hal_adc_ex.o
 .debug_info    0x0000000000006297     0x101b Drivers/STM32G4xx_HAL_Driver/Src/stm32g4xx_hal_cortex.o
 .debug_info    0x00000000000072b2      0x970 Drivers/STM32G4xx_HAL_Driver/Src/stm32g4xx_hal_gpio.o
 .debug_info    0x0000000000007c22      0x9bd Drivers/STM32G4xx_HAL_Driver/Src/stm32g4xx_hal_opamp.o
 .debug_info    0x00000000000085df      0xaea Drivers/STM32G4xx_HAL_Driver/Src/stm32g4xx_hal_pwr_ex.o
 .debug_info    0x00000000000090c9      0xeb7 Drivers/STM32G4xx_HAL_Driver/Src/stm32g4xx_hal_rcc.o
 .debug_info    0x0000000000009f80      0xf6a Drivers/STM32G4xx_HAL_Driver/Src/stm32g4xx_hal_rcc_ex.o
 .debug_info    0x000000000000aeea     0x3984 Drivers/STM32G4xx_HAL_Driver/Src/stm32g4xx_hal_tim.o
 .debug_info    0x000000000000e86e     0x2153 Drivers/STM32G4xx_HAL_Driver/Src/stm32g4xx_hal_tim_ex.o
 .debug_info    0x00000000000109c1     0x138a Src/adc.o
 .debug_info    0x0000000000011d4b      0xea6 Src/enc.o
 .debug_info    0x0000000000012bf1     0x1078 Src/gpio.o
 .debug_info    0x0000000000013c69     0x13cf Src/main.o
 .debug_info    0x0000000000015038      0xbd8 Src/motor.o
 .debug_info    0x0000000000015c10     0x10c1 Src/opamp.o
 .debug_info    0x0000000000016cd1      0xd1f Src/stm32g4xx_hal_msp.o
 .debug_info    0x00000000000179f0     0x1501 Src/stm32g4xx_it.o
 .debug_info    0x0000000000018ef1      0x6b4 Src/system_stm32g4xx.o
 .debug_info    0x00000000000195a5     0x1730 Src/tim.o
 .debug_info    0x000000000001acd5       0x22 startup/startup_stm32g431xx.o

.debug_abbrev   0x0000000000000000     0x2df8
 .debug_abbrev  0x0000000000000000      0x209 Drivers/STM32G4xx_HAL_Driver/Src/stm32g4xx_hal.o
 .debug_abbrev  0x0000000000000209      0x294 Drivers/STM32G4xx_HAL_Driver/Src/stm32g4xx_hal_adc.o
 .debug_abbrev  0x000000000000049d      0x310 Drivers/STM32G4xx_HAL_Driver/Src/stm32g4xx_hal_adc_ex.o
 .debug_abbrev  0x00000000000007ad      0x31d Drivers/STM32G4xx_HAL_Driver/Src/stm32g4xx_hal_cortex.o
 .debug_abbrev  0x0000000000000aca      0x1de Drivers/STM32G4xx_HAL_Driver/Src/stm32g4xx_hal_gpio.o
 .debug_abbrev  0x0000000000000ca8      0x1b4 Drivers/STM32G4xx_HAL_Driver/Src/stm32g4xx_hal_opamp.o
 .debug_abbrev  0x0000000000000e5c      0x210 Drivers/STM32G4xx_HAL_Driver/Src/stm32g4xx_hal_pwr_ex.o
 .debug_abbrev  0x000000000000106c      0x23b Drivers/STM32G4xx_HAL_Driver/Src/stm32g4xx_hal_rcc.o
 .debug_abbrev  0x00000000000012a7      0x234 Drivers/STM32G4xx_HAL_Driver/Src/stm32g4xx_hal_rcc_ex.o
 .debug_abbrev  0x00000000000014db      0x251 Drivers/STM32G4xx_HAL_Driver/Src/stm32g4xx_hal_tim.o
 .debug_abbrev  0x000000000000172c      0x271 Drivers/STM32G4xx_HAL_Driver/Src/stm32g4xx_hal_tim_ex.o
 .debug_abbrev  0x000000000000199d      0x218 Src/adc.o
 .debug_abbrev  0x0000000000001bb5      0x1c2 Src/enc.o
 .debug_abbrev  0x0000000000001d77      0x1d6 Src/gpio.o
 .debug_abbrev  0x0000000000001f4d      0x245 Src/main.o
 .debug_abbrev  0x0000000000002192      0x217 Src/motor.o
 .debug_abbrev  0x00000000000023a9      0x205 Src/opamp.o
 .debug_abbrev  0x00000000000025ae      0x1a7 Src/stm32g4xx_hal_msp.o
 .debug_abbrev  0x0000000000002755      0x2f1 Src/stm32g4xx_it.o
 .debug_abbrev  0x0000000000002a46      0x147 Src/system_stm32g4xx.o
 .debug_abbrev  0x0000000000002b8d      0x259 Src/tim.o
 .debug_abbrev  0x0000000000002de6       0x12 startup/startup_stm32g431xx.o

.debug_loc      0x0000000000000000     0xe3c5
 .debug_loc     0x0000000000000000      0x22c Drivers/STM32G4xx_HAL_Driver/Src/stm32g4xx_hal.o
 .debug_loc     0x000000000000022c     0x1f40 Drivers/STM32G4xx_HAL_Driver/Src/stm32g4xx_hal_adc.o
 .debug_loc     0x000000000000216c     0x1c5f Drivers/STM32G4xx_HAL_Driver/Src/stm32g4xx_hal_adc_ex.o
 .debug_loc     0x0000000000003dcb      0x5ba Drivers/STM32G4xx_HAL_Driver/Src/stm32g4xx_hal_cortex.o
 .debug_loc     0x0000000000004385      0x29c Drivers/STM32G4xx_HAL_Driver/Src/stm32g4xx_hal_gpio.o
 .debug_loc     0x0000000000004621      0x64a Drivers/STM32G4xx_HAL_Driver/Src/stm32g4xx_hal_opamp.o
 .debug_loc     0x0000000000004c6b      0x8bc Drivers/STM32G4xx_HAL_Driver/Src/stm32g4xx_hal_pwr_ex.o
 .debug_loc     0x0000000000005527      0x652 Drivers/STM32G4xx_HAL_Driver/Src/stm32g4xx_hal_rcc.o
 .debug_loc     0x0000000000005b79     0x13de Drivers/STM32G4xx_HAL_Driver/Src/stm32g4xx_hal_rcc_ex.o
 .debug_loc     0x0000000000006f57     0x4b6b Drivers/STM32G4xx_HAL_Driver/Src/stm32g4xx_hal_tim.o
 .debug_loc     0x000000000000bac2     0x24e3 Drivers/STM32G4xx_HAL_Driver/Src/stm32g4xx_hal_tim_ex.o
 .debug_loc     0x000000000000dfa5       0x74 Src/adc.o
 .debug_loc     0x000000000000e019       0x39 Src/enc.o
 .debug_loc     0x000000000000e052       0x88 Src/motor.o
 .debug_loc     0x000000000000e0da       0xd8 Src/opamp.o
 .debug_loc     0x000000000000e1b2       0x5b Src/stm32g4xx_it.o
 .debug_loc     0x000000000000e20d       0x80 Src/system_stm32g4xx.o
 .debug_loc     0x000000000000e28d      0x138 Src/tim.o

.debug_aranges  0x0000000000000000      0xf90
 .debug_aranges
                0x0000000000000000      0x130 Drivers/STM32G4xx_HAL_Driver/Src/stm32g4xx_hal.o
 .debug_aranges
                0x0000000000000130      0x108 Drivers/STM32G4xx_HAL_Driver/Src/stm32g4xx_hal_adc.o
 .debug_aranges
                0x0000000000000238       0xf0 Drivers/STM32G4xx_HAL_Driver/Src/stm32g4xx_hal_adc_ex.o
 .debug_aranges
                0x0000000000000328       0xa8 Drivers/STM32G4xx_HAL_Driver/Src/stm32g4xx_hal_cortex.o
 .debug_aranges
                0x00000000000003d0       0x58 Drivers/STM32G4xx_HAL_Driver/Src/stm32g4xx_hal_gpio.o
 .debug_aranges
                0x0000000000000428       0x70 Drivers/STM32G4xx_HAL_Driver/Src/stm32g4xx_hal_opamp.o
 .debug_aranges
                0x0000000000000498      0x140 Drivers/STM32G4xx_HAL_Driver/Src/stm32g4xx_hal_pwr_ex.o
 .debug_aranges
                0x00000000000005d8       0x98 Drivers/STM32G4xx_HAL_Driver/Src/stm32g4xx_hal_rcc.o
 .debug_aranges
                0x0000000000000670       0xb0 Drivers/STM32G4xx_HAL_Driver/Src/stm32g4xx_hal_rcc_ex.o
 .debug_aranges
                0x0000000000000720      0x3e0 Drivers/STM32G4xx_HAL_Driver/Src/stm32g4xx_hal_tim.o
 .debug_aranges
                0x0000000000000b00      0x240 Drivers/STM32G4xx_HAL_Driver/Src/stm32g4xx_hal_tim_ex.o
 .debug_aranges
                0x0000000000000d40       0x30 Src/adc.o
 .debug_aranges
                0x0000000000000d70       0x20 Src/enc.o
 .debug_aranges
                0x0000000000000d90       0x20 Src/gpio.o
 .debug_aranges
                0x0000000000000db0       0x30 Src/main.o
 .debug_aranges
                0x0000000000000de0       0x20 Src/motor.o
 .debug_aranges
                0x0000000000000e00       0x40 Src/opamp.o
 .debug_aranges
                0x0000000000000e40       0x20 Src/stm32g4xx_hal_msp.o
 .debug_aranges
                0x0000000000000e60       0x80 Src/stm32g4xx_it.o
 .debug_aranges
                0x0000000000000ee0       0x28 Src/system_stm32g4xx.o
 .debug_aranges
                0x0000000000000f08       0x60 Src/tim.o
 .debug_aranges
                0x0000000000000f68       0x28 startup/startup_stm32g431xx.o

.debug_ranges   0x0000000000000000     0x1210
 .debug_ranges  0x0000000000000000      0x120 Drivers/STM32G4xx_HAL_Driver/Src/stm32g4xx_hal.o
 .debug_ranges  0x0000000000000120      0x278 Drivers/STM32G4xx_HAL_Driver/Src/stm32g4xx_hal_adc.o
 .debug_ranges  0x0000000000000398      0x290 Drivers/STM32G4xx_HAL_Driver/Src/stm32g4xx_hal_adc_ex.o
 .debug_ranges  0x0000000000000628       0xf8 Drivers/STM32G4xx_HAL_Driver/Src/stm32g4xx_hal_cortex.o
 .debug_ranges  0x0000000000000720       0x48 Drivers/STM32G4xx_HAL_Driver/Src/stm32g4xx_hal_gpio.o
 .debug_ranges  0x0000000000000768       0x60 Drivers/STM32G4xx_HAL_Driver/Src/stm32g4xx_hal_opamp.o
 .debug_ranges  0x00000000000007c8      0x130 Drivers/STM32G4xx_HAL_Driver/Src/stm32g4xx_hal_pwr_ex.o
 .debug_ranges  0x00000000000008f8       0xa0 Drivers/STM32G4xx_HAL_Driver/Src/stm32g4xx_hal_rcc.o
 .debug_ranges  0x0000000000000998       0xb8 Drivers/STM32G4xx_HAL_Driver/Src/stm32g4xx_hal_rcc_ex.o
 .debug_ranges  0x0000000000000a50      0x3d0 Drivers/STM32G4xx_HAL_Driver/Src/stm32g4xx_hal_tim.o
 .debug_ranges  0x0000000000000e20      0x230 Drivers/STM32G4xx_HAL_Driver/Src/stm32g4xx_hal_tim_ex.o
 .debug_ranges  0x0000000000001050       0x20 Src/adc.o
 .debug_ranges  0x0000000000001070       0x10 Src/enc.o
 .debug_ranges  0x0000000000001080       0x10 Src/gpio.o
 .debug_ranges  0x0000000000001090       0x20 Src/main.o
 .debug_ranges  0x00000000000010b0       0x10 Src/motor.o
 .debug_ranges  0x00000000000010c0       0x30 Src/opamp.o
 .debug_ranges  0x00000000000010f0       0x10 Src/stm32g4xx_hal_msp.o
 .debug_ranges  0x0000000000001100       0x88 Src/stm32g4xx_it.o
 .debug_ranges  0x0000000000001188       0x18 Src/system_stm32g4xx.o
 .debug_ranges  0x00000000000011a0       0x50 Src/tim.o
 .debug_ranges  0x00000000000011f0       0x20 startup/startup_stm32g431xx.o

.debug_macro    0x0000000000000000    0x202cf
 .debug_macro   0x0000000000000000      0x240 Drivers/STM32G4xx_HAL_Driver/Src/stm32g4xx_hal.o
 .debug_macro   0x0000000000000240      0xa54 Drivers/STM32G4xx_HAL_Driver/Src/stm32g4xx_hal.o
 .debug_macro   0x0000000000000c94      0x161 Drivers/STM32G4xx_HAL_Driver/Src/stm32g4xx_hal.o
 .debug_macro   0x0000000000000df5       0x2e Drivers/STM32G4xx_HAL_Driver/Src/stm32g4xx_hal.o
 .debug_macro   0x0000000000000e23       0x28 Drivers/STM32G4xx_HAL_Driver/Src/stm32g4xx_hal.o
 .debug_macro   0x0000000000000e4b       0x22 Drivers/STM32G4xx_HAL_Driver/Src/stm32g4xx_hal.o
 .debug_macro   0x0000000000000e6d       0x8e Drivers/STM32G4xx_HAL_Driver/Src/stm32g4xx_hal.o
 .debug_macro   0x0000000000000efb       0x51 Drivers/STM32G4xx_HAL_Driver/Src/stm32g4xx_hal.o
 .debug_macro   0x0000000000000f4c       0xef Drivers/STM32G4xx_HAL_Driver/Src/stm32g4xx_hal.o
 .debug_macro   0x000000000000103b       0x6a Drivers/STM32G4xx_HAL_Driver/Src/stm32g4xx_hal.o
 .debug_macro   0x00000000000010a5      0x1df Drivers/STM32G4xx_HAL_Driver/Src/stm32g4xx_hal.o
 .debug_macro   0x0000000000001284       0x1c Drivers/STM32G4xx_HAL_Driver/Src/stm32g4xx_hal.o
 .debug_macro   0x00000000000012a0       0x22 Drivers/STM32G4xx_HAL_Driver/Src/stm32g4xx_hal.o
 .debug_macro   0x00000000000012c2       0xdf Drivers/STM32G4xx_HAL_Driver/Src/stm32g4xx_hal.o
 .debug_macro   0x00000000000013a1     0x102d Drivers/STM32G4xx_HAL_Driver/Src/stm32g4xx_hal.o
 .debug_macro   0x00000000000023ce      0x11f Drivers/STM32G4xx_HAL_Driver/Src/stm32g4xx_hal.o
 .debug_macro   0x00000000000024ed    0x113a4 Drivers/STM32G4xx_HAL_Driver/Src/stm32g4xx_hal.o
 .debug_macro   0x0000000000013891       0x43 Drivers/STM32G4xx_HAL_Driver/Src/stm32g4xx_hal.o
 .debug_macro   0x00000000000138d4     0x34d1 Drivers/STM32G4xx_HAL_Driver/Src/stm32g4xx_hal.o
 .debug_macro   0x0000000000016da5      0x174 Drivers/STM32G4xx_HAL_Driver/Src/stm32g4xx_hal.o
 .debug_macro   0x0000000000016f19       0x5a Drivers/STM32G4xx_HAL_Driver/Src/stm32g4xx_hal.o
 .debug_macro   0x0000000000016f73     0x13de Drivers/STM32G4xx_HAL_Driver/Src/stm32g4xx_hal.o
 .debug_macro   0x0000000000018351      0x535 Drivers/STM32G4xx_HAL_Driver/Src/stm32g4xx_hal.o
 .debug_macro   0x0000000000018886      0x137 Drivers/STM32G4xx_HAL_Driver/Src/stm32g4xx_hal.o
 .debug_macro   0x00000000000189bd      0x289 Drivers/STM32G4xx_HAL_Driver/Src/stm32g4xx_hal.o
 .debug_macro   0x0000000000018c46      0x41d Drivers/STM32G4xx_HAL_Driver/Src/stm32g4xx_hal.o
 .debug_macro   0x0000000000019063      0x18b Drivers/STM32G4xx_HAL_Driver/Src/stm32g4xx_hal.o
 .debug_macro   0x00000000000191ee       0x43 Drivers/STM32G4xx_HAL_Driver/Src/stm32g4xx_hal.o
 .debug_macro   0x0000000000019231      0x23d Drivers/STM32G4xx_HAL_Driver/Src/stm32g4xx_hal.o
 .debug_macro   0x000000000001946e     0x10fd Drivers/STM32G4xx_HAL_Driver/Src/stm32g4xx_hal.o
 .debug_macro   0x000000000001a56b      0x72e Drivers/STM32G4xx_HAL_Driver/Src/stm32g4xx_hal.o
 .debug_macro   0x000000000001ac99      0x391 Drivers/STM32G4xx_HAL_Driver/Src/stm32g4xx_hal.o
 .debug_macro   0x000000000001b02a      0x212 Drivers/STM32G4xx_HAL_Driver/Src/stm32g4xx_hal.o
 .debug_macro   0x000000000001b23c      0x401 Drivers/STM32G4xx_HAL_Driver/Src/stm32g4xx_hal.o
 .debug_macro   0x000000000001b63d      0x107 Drivers/STM32G4xx_HAL_Driver/Src/stm32g4xx_hal.o
 .debug_macro   0x000000000001b744      0x1ae Drivers/STM32G4xx_HAL_Driver/Src/stm32g4xx_hal.o
 .debug_macro   0x000000000001b8f2      0x122 Drivers/STM32G4xx_HAL_Driver/Src/stm32g4xx_hal.o
 .debug_macro   0x000000000001ba14      0x3d1 Drivers/STM32G4xx_HAL_Driver/Src/stm32g4xx_hal.o
 .debug_macro   0x000000000001bde5      0xbbe Drivers/STM32G4xx_HAL_Driver/Src/stm32g4xx_hal.o
 .debug_macro   0x000000000001c9a3      0x47e Drivers/STM32G4xx_HAL_Driver/Src/stm32g4xx_hal.o
 .debug_macro   0x000000000001ce21      0x307 Drivers/STM32G4xx_HAL_Driver/Src/stm32g4xx_hal.o
 .debug_macro   0x000000000001d128      0x20f Drivers/STM32G4xx_HAL_Driver/Src/stm32g4xx_hal_adc.o
 .debug_macro   0x000000000001d337      0x1fe Drivers/STM32G4xx_HAL_Driver/Src/stm32g4xx_hal_adc_ex.o
 .debug_macro   0x000000000001d535      0x1f2 Drivers/STM32G4xx_HAL_Driver/Src/stm32g4xx_hal_cortex.o
 .debug_macro   0x000000000001d727      0x22a Drivers/STM32G4xx_HAL_Driver/Src/stm32g4xx_hal_gpio.o
 .debug_macro   0x000000000001d951      0x20f Drivers/STM32G4xx_HAL_Driver/Src/stm32g4xx_hal_opamp.o
 .debug_macro   0x000000000001db60      0x21c Drivers/STM32G4xx_HAL_Driver/Src/stm32g4xx_hal_pwr_ex.o
 .debug_macro   0x000000000001dd7c      0x22e Drivers/STM32G4xx_HAL_Driver/Src/stm32g4xx_hal_rcc.o
 .debug_macro   0x000000000001dfaa      0x21c Drivers/STM32G4xx_HAL_Driver/Src/stm32g4xx_hal_rcc_ex.o
 .debug_macro   0x000000000001e1c6      0x1fa Drivers/STM32G4xx_HAL_Driver/Src/stm32g4xx_hal_tim.o
 .debug_macro   0x000000000001e3c0      0x1f8 Drivers/STM32G4xx_HAL_Driver/Src/stm32g4xx_hal_tim_ex.o
 .debug_macro   0x000000000001e5b8      0x228 Src/adc.o
 .debug_macro   0x000000000001e7e0      0x20e Src/adc.o
 .debug_macro   0x000000000001e9ee       0x9a Src/adc.o
 .debug_macro   0x000000000001ea88      0x231 Src/enc.o
 .debug_macro   0x000000000001ecb9       0x2e Src/enc.o
 .debug_macro   0x000000000001ece7      0x228 Src/gpio.o
 .debug_macro   0x000000000001ef0f      0x252 Src/main.o
 .debug_macro   0x000000000001f161       0x82 Src/main.o
 .debug_macro   0x000000000001f1e3      0x26f Src/motor.o
 .debug_macro   0x000000000001f452       0x16 Src/motor.o
 .debug_macro   0x000000000001f468      0x228 Src/opamp.o
 .debug_macro   0x000000000001f690      0x21e Src/stm32g4xx_hal_msp.o
 .debug_macro   0x000000000001f8ae      0x2e1 Src/stm32g4xx_it.o
 .debug_macro   0x000000000001fb8f      0x32a Src/stm32g4xx_it.o
 .debug_macro   0x000000000001feb9      0x1f8 Src/system_stm32g4xx.o
 .debug_macro   0x00000000000200b1      0x21e Src/tim.o

.debug_line     0x0000000000000000    0x10742
 .debug_line    0x0000000000000000      0xa8c Drivers/STM32G4xx_HAL_Driver/Src/stm32g4xx_hal.o
 .debug_line    0x0000000000000a8c     0x142b Drivers/STM32G4xx_HAL_Driver/Src/stm32g4xx_hal_adc.o
 .debug_line    0x0000000000001eb7     0x1263 Drivers/STM32G4xx_HAL_Driver/Src/stm32g4xx_hal_adc_ex.o
 .debug_line    0x000000000000311a      0xa34 Drivers/STM32G4xx_HAL_Driver/Src/stm32g4xx_hal_cortex.o
 .debug_line    0x0000000000003b4e      0x94e Drivers/STM32G4xx_HAL_Driver/Src/stm32g4xx_hal_gpio.o
 .debug_line    0x000000000000449c      0x9c7 Drivers/STM32G4xx_HAL_Driver/Src/stm32g4xx_hal_opamp.o
 .debug_line    0x0000000000004e63      0xc2a Drivers/STM32G4xx_HAL_Driver/Src/stm32g4xx_hal_pwr_ex.o
 .debug_line    0x0000000000005a8d      0xb04 Drivers/STM32G4xx_HAL_Driver/Src/stm32g4xx_hal_rcc.o
 .debug_line    0x0000000000006591      0xce6 Drivers/STM32G4xx_HAL_Driver/Src/stm32g4xx_hal_rcc_ex.o
 .debug_line    0x0000000000007277     0x27b8 Drivers/STM32G4xx_HAL_Driver/Src/stm32g4xx_hal_tim.o
 .debug_line    0x0000000000009a2f     0x17a1 Drivers/STM32G4xx_HAL_Driver/Src/stm32g4xx_hal_tim_ex.o
 .debug_line    0x000000000000b1d0      0x866 Src/adc.o
 .debug_line    0x000000000000ba36      0x805 Src/enc.o
 .debug_line    0x000000000000c23b      0x825 Src/gpio.o
 .debug_line    0x000000000000ca60      0x879 Src/main.o
 .debug_line    0x000000000000d2d9      0x865 Src/motor.o
 .debug_line    0x000000000000db3e      0x890 Src/opamp.o
 .debug_line    0x000000000000e3ce      0x80b Src/stm32g4xx_hal_msp.o
 .debug_line    0x000000000000ebd9      0x99c Src/stm32g4xx_it.o
 .debug_line    0x000000000000f575      0x7fe Src/system_stm32g4xx.o
 .debug_line    0x000000000000fd73      0x94d Src/tim.o
 .debug_line    0x00000000000106c0       0x82 startup/startup_stm32g431xx.o

.debug_str      0x0000000000000000    0xd6364
 .debug_str     0x0000000000000000    0xccdbe Drivers/STM32G4xx_HAL_Driver/Src/stm32g4xx_hal.o
                                      0xcd49a (size before relaxing)
 .debug_str     0x00000000000ccdbe     0x1007 Drivers/STM32G4xx_HAL_Driver/Src/stm32g4xx_hal_adc.o
                                      0xcd9aa (size before relaxing)
 .debug_str     0x00000000000cddc5      0x6bc Drivers/STM32G4xx_HAL_Driver/Src/stm32g4xx_hal_adc_ex.o
                                      0xcd8f5 (size before relaxing)
 .debug_str     0x00000000000ce481      0x3a6 Drivers/STM32G4xx_HAL_Driver/Src/stm32g4xx_hal_cortex.o
                                      0xcd15c (size before relaxing)
 .debug_str     0x00000000000ce827      0x2a7 Drivers/STM32G4xx_HAL_Driver/Src/stm32g4xx_hal_gpio.o
                                      0xccc04 (size before relaxing)
 .debug_str     0x00000000000ceace      0x4b1 Drivers/STM32G4xx_HAL_Driver/Src/stm32g4xx_hal_opamp.o
                                      0xcce5f (size before relaxing)
 .debug_str     0x00000000000cef7f      0x4da Drivers/STM32G4xx_HAL_Driver/Src/stm32g4xx_hal_pwr_ex.o
                                      0xcce8e (size before relaxing)
 .debug_str     0x00000000000cf459      0x4e5 Drivers/STM32G4xx_HAL_Driver/Src/stm32g4xx_hal_rcc.o
                                      0xccf37 (size before relaxing)
 .debug_str     0x00000000000cf93e      0x59b Drivers/STM32G4xx_HAL_Driver/Src/stm32g4xx_hal_rcc_ex.o
                                      0xcd0b8 (size before relaxing)
 .debug_str     0x00000000000cfed9     0x124c Drivers/STM32G4xx_HAL_Driver/Src/stm32g4xx_hal_tim.o
                                      0xcde3f (size before relaxing)
 .debug_str     0x00000000000d1125      0x9c2 Drivers/STM32G4xx_HAL_Driver/Src/stm32g4xx_hal_tim_ex.o
                                      0xcdad1 (size before relaxing)
 .debug_str     0x00000000000d1ae7      0xeae Src/adc.o
                                      0xce1b4 (size before relaxing)
 .debug_str     0x00000000000d2995       0x67 Src/enc.o
                                      0xcdf68 (size before relaxing)
 .debug_str     0x00000000000d29fc       0x25 Src/gpio.o
                                      0xce25b (size before relaxing)
 .debug_str     0x00000000000d2a21      0x1f2 Src/main.o
                                      0xce649 (size before relaxing)
 .debug_str     0x00000000000d2c13      0x1be Src/motor.o
                                      0xcdf45 (size before relaxing)
 .debug_str     0x00000000000d2dd1       0x1b Src/opamp.o
                                      0xce038 (size before relaxing)
 .debug_str     0x00000000000d2dec       0x1b Src/stm32g4xx_hal_msp.o
                                      0xcddaf (size before relaxing)
 .debug_str     0x00000000000d2e07     0x3486 Src/stm32g4xx_it.o
                                      0xd141d (size before relaxing)
 .debug_str     0x00000000000d628d       0x52 Src/system_stm32g4xx.o
                                      0xcc992 (size before relaxing)
 .debug_str     0x00000000000d62df       0x56 Src/tim.o
                                      0xce693 (size before relaxing)
 .debug_str     0x00000000000d6335       0x2f startup/startup_stm32g431xx.o
                                         0x6a (size before relaxing)

.comment        0x0000000000000000       0x7f
 .comment       0x0000000000000000       0x7f Drivers/STM32G4xx_HAL_Driver/Src/stm32g4xx_hal.o
                                         0x80 (size before relaxing)
 .comment       0x000000000000007f       0x80 Drivers/STM32G4xx_HAL_Driver/Src/stm32g4xx_hal_adc.o
 .comment       0x000000000000007f       0x80 Drivers/STM32G4xx_HAL_Driver/Src/stm32g4xx_hal_adc_ex.o
 .comment       0x000000000000007f       0x80 Drivers/STM32G4xx_HAL_Driver/Src/stm32g4xx_hal_cortex.o
 .comment       0x000000000000007f       0x80 Drivers/STM32G4xx_HAL_Driver/Src/stm32g4xx_hal_gpio.o
 .comment       0x000000000000007f       0x80 Drivers/STM32G4xx_HAL_Driver/Src/stm32g4xx_hal_opamp.o
 .comment       0x000000000000007f       0x80 Drivers/STM32G4xx_HAL_Driver/Src/stm32g4xx_hal_pwr_ex.o
 .comment       0x000000000000007f       0x80 Drivers/STM32G4xx_HAL_Driver/Src/stm32g4xx_hal_rcc.o
 .comment       0x000000000000007f       0x80 Drivers/STM32G4xx_HAL_Driver/Src/stm32g4xx_hal_rcc_ex.o
 .comment       0x000000000000007f       0x80 Drivers/STM32G4xx_HAL_Driver/Src/stm32g4xx_hal_tim.o
 .comment       0x000000000000007f       0x80 Drivers/STM32G4xx_HAL_Driver/Src/stm32g4xx_hal_tim_ex.o
 .comment       0x000000000000007f       0x80 Src/adc.o
 .comment       0x000000000000007f       0x80 Src/enc.o
 .comment       0x000000000000007f       0x80 Src/gpio.o
 .comment       0x000000000000007f       0x80 Src/main.o
 .comment       0x000000000000007f       0x80 Src/motor.o
 .comment       0x000000000000007f       0x80 Src/opamp.o
 .comment       0x000000000000007f       0x80 Src/stm32g4xx_hal_msp.o
 .comment       0x000000000000007f       0x80 Src/stm32g4xx_it.o
 .comment       0x000000000000007f       0x80 Src/system_stm32g4xx.o
 .comment       0x000000000000007f       0x80 Src/tim.o

.debug_frame    0x0000000000000000     0x2854
 .debug_frame   0x0000000000000000      0x274 Drivers/STM32G4xx_HAL_Driver/Src/stm32g4xx_hal.o
 .debug_frame   0x0000000000000274      0x304 Drivers/STM32G4xx_HAL_Driver/Src/stm32g4xx_hal_adc.o
 .debug_frame   0x0000000000000578      0x2cc Drivers/STM32G4xx_HAL_Driver/Src/stm32g4xx_hal_adc_ex.o
 .debug_frame   0x0000000000000844      0x15c Drivers/STM32G4xx_HAL_Driver/Src/stm32g4xx_hal_cortex.o
 .debug_frame   0x00000000000009a0       0xd0 Drivers/STM32G4xx_HAL_Driver/Src/stm32g4xx_hal_gpio.o
 .debug_frame   0x0000000000000a70      0x134 Drivers/STM32G4xx_HAL_Driver/Src/stm32g4xx_hal_opamp.o
 .debug_frame   0x0000000000000ba4      0x268 Drivers/STM32G4xx_HAL_Driver/Src/stm32g4xx_hal_pwr_ex.o
 .debug_frame   0x0000000000000e0c      0x198 Drivers/STM32G4xx_HAL_Driver/Src/stm32g4xx_hal_rcc.o
 .debug_frame   0x0000000000000fa4      0x1a0 Drivers/STM32G4xx_HAL_Driver/Src/stm32g4xx_hal_rcc_ex.o
 .debug_frame   0x0000000000001144      0xbc0 Drivers/STM32G4xx_HAL_Driver/Src/stm32g4xx_hal_tim.o
 .debug_frame   0x0000000000001d04      0x684 Drivers/STM32G4xx_HAL_Driver/Src/stm32g4xx_hal_tim_ex.o
 .debug_frame   0x0000000000002388       0x6c Src/adc.o
 .debug_frame   0x00000000000023f4       0x2c Src/enc.o
 .debug_frame   0x0000000000002420       0x38 Src/gpio.o
 .debug_frame   0x0000000000002458       0x5c Src/main.o
 .debug_frame   0x00000000000024b4       0x34 Src/motor.o
 .debug_frame   0x00000000000024e8       0x90 Src/opamp.o
 .debug_frame   0x0000000000002578       0x28 Src/stm32g4xx_hal_msp.o
 .debug_frame   0x00000000000025a0      0x110 Src/stm32g4xx_it.o
 .debug_frame   0x00000000000026b0       0x30 Src/system_stm32g4xx.o
 .debug_frame   0x00000000000026e0      0x128 Src/tim.o
 .debug_frame   0x0000000000002808       0x2c /Applications/Ac6/SystemWorkbench.app/Contents/Eclipse/plugins/fr.ac6.mcu.externaltools.arm-none.macos64_1.17.0.201812190825/tools/compiler/bin/../lib/gcc/arm-none-eabi/7.3.1/../../../../arm-none-eabi/lib/thumb/v7e-m/libc_nano.a(lib_a-init.o)
 .debug_frame   0x0000000000002834       0x20 /Applications/Ac6/SystemWorkbench.app/Contents/Eclipse/plugins/fr.ac6.mcu.externaltools.arm-none.macos64_1.17.0.201812190825/tools/compiler/bin/../lib/gcc/arm-none-eabi/7.3.1/../../../../arm-none-eabi/lib/thumb/v7e-m/libc_nano.a(lib_a-memset.o)
